BL51 BANKED LINKER/LOCATER V6.22                                                        12/20/2021  22:35:45  PAGE 1


BL51 BANKED LINKER/LOCATER V6.22, INVOKED BY:
D:\KEIL_V4\C51\BIN\BL51.EXE 温度操作系统.obj, i2c.obj, lcd.obj, public.obj, temp.obj TO 温度操作系统 RTX51TINY


MEMORY MODEL: SMALL WITH FLOATING POINT ARITHMETIC


INPUT MODULES INCLUDED:
  温度操作系统.obj (蝊度操作系统)
  i2c.obj (I2C)
  lcd.obj (LCD)
  public.obj (PUBLIC)
  temp.obj (TEMP)
  D:\KEIL_V4\C51\LIB\RTX51TNY.LIB (?RTX51_TINY_OS_CREATE)
  D:\KEIL_V4\C51\LIB\RTX51TNY.LIB (?RTX51_TINY_OS_SEND_SIGNAL)
  D:\KEIL_V4\C51\LIB\RTX51TNY.LIB (?RTX51_TINY_OS_WAIT)
  D:\KEIL_V4\C51\LIB\RTX51TNY.LIB (?RTX51_TINY_KERNAL)
  D:\KEIL_V4\C51\LIB\C51FPS.LIB (?C?FPMUL)
  D:\KEIL_V4\C51\LIB\C51FPS.LIB (?C?FCAST)
  D:\KEIL_V4\C51\LIB\C51FPS.LIB (?C?CASTF)
  D:\KEIL_V4\C51\LIB\C51FPS.LIB (?C?FPGETOPN)
  D:\KEIL_V4\C51\LIB\C51S.LIB (?C_STARTUP)
  D:\KEIL_V4\C51\LIB\C51S.LIB (?C?SCDIV)
  D:\KEIL_V4\C51\LIB\C51S.LIB (?C?CLDPTR)
  D:\KEIL_V4\C51\LIB\C51S.LIB (?C?IMUL)
  D:\KEIL_V4\C51\LIB\C51S.LIB (?C?SIDIV)
  D:\KEIL_V4\C51\LIB\C51S.LIB (?C?LNEG)
  D:\KEIL_V4\C51\LIB\C51S.LIB (?C_INIT)
  D:\KEIL_V4\C51\LIB\C51S.LIB (?C?UIDIV)


TASK TABLE OF MODULE:  温度操作系统 (蝊度操作系统)

TASKID   PRIORITY   REG-BANK   SEGMENT NAME
-------------------------------------------
0        0          0          ?PR?JOB0?蝊度操作系统
1        0          0          ?PR?JOB1?蝊度操作系统
2        0          0          ?PR?JOB2?蝊度操作系统



LINK MAP OF MODULE:  温度操作系统 (蝊度操作系统)


            TYPE    BASE      LENGTH    RELOCATION   SEGMENT NAME
            -----------------------------------------------------

            * * * * * * *   D A T A   M E M O R Y   * * * * * * *
            REG     0000H     0008H     ABSOLUTE     "REG BANK 0"
            DATA    0008H     0006H     ABSOLUTE     
            DATA    000EH     000CH     UNIT         _DATA_GROUP_
            IDATA   001AH     0006H     UNIT         ?RTX?TASKSTATE?S
            BIT     0020H.0   0000H.1   UNIT         ?RTX?BITS
                    0020H.1   0000H.7                *** GAP ***
            DATA    0021H     0007H     UNIT         ?DT?蝊度操作系统
            IDATA   0028H     0003H     UNIT         ?RTX?TASKSP?S
            IDATA   002BH     0001H     UNIT         ?STACK

BL51 BANKED LINKER/LOCATER V6.22                                                      12/20/2021  22:35:45  PAGE 2


            * * * * * * *   C O D E   M E M O R Y   * * * * * * *
            CODE    0000H     0003H     ABSOLUTE     
            CODE    0003H     0008H     UNIT         ?PR?DS18B20CHANGTEMP?TEMP
            CODE    000BH     0003H     ABSOLUTE     
            CODE    000EH     02ABH     UNIT         ?C?LIB_CODE
            CODE    02B9H     0281H     UNIT         ?RTX?CODE
            CODE    053AH     0116H     UNIT         ?PR?KEY_PROS?蝊度操作系统
            CODE    0650H     00DAH     UNIT         ?PR?TEMP_DATAPROS?蝊度操作系统
            CODE    072AH     008CH     UNIT         ?PR?_LCD_DISPSTRING?LCD
            CODE    07B6H     008CH     UNIT         ?C_C51STARTUP
            CODE    0842H     0056H     UNIT         ?PR?KAI_DISPLAY?蝊度操作系统
            CODE    0898H     004CH     UNIT         ?PR?DS18B20READTEMP?TEMP
            CODE    08E4H     0047H     UNIT         ?PR?TEMPDATA_COMPARE?蝊度操作系统
            CODE    092BH     0042H     UNIT         ?PR?_LCD1602_DELAY1MS?LCD
            CODE    096DH     0042H     UNIT         ?PR?_DS18B20WRITEBYTE?TEMP
            CODE    09AFH     0041H     UNIT         ?PR?_KEY_SCAN?蝊度操作系统
            CODE    09F0H     0041H     UNIT         ?PR?_I2CSENDBYTE?I2C
            CODE    0A31H     003EH     UNIT         ?PR?DS18B20READBYTE?TEMP
            CODE    0A6FH     0034H     UNIT         ?CO?蝊度操作系统
            CODE    0AA3H     002CH     UNIT         ?PR?DS18B20INIT?TEMP
            CODE    0ACFH     0029H     UNIT         ?PR?JOB0?蝊度操作系统
            CODE    0AF8H     0026H     UNIT         ?PR?I2CREADBYTE?I2C
            CODE    0B1EH     0022H     UNIT         ?PR?_AT24C02READ?I2C
            CODE    0B40H     001EH     UNIT         ?PR?LCD_INIT?LCD
            CODE    0B5EH     001EH     UNIT         ?PR?_DELAY1MS?TEMP
            CODE    0B7CH     0019H     UNIT         ?PR?_AT24C02WRITE?I2C
            CODE    0B95H     0016H     UNIT         ?PR?SOUND1?蝊度操作系统
            CODE    0BABH     0016H     UNIT         ?PR?SOUND2?蝊度操作系统
            CODE    0BC1H     0016H     UNIT         ?PR?_LCD_WRITEDATA?LCD
            CODE    0BD7H     0015H     UNIT         ?PR?JOB2?蝊度操作系统
            CODE    0BECH     000FH     UNIT         ?PR?I2CSTART?I2C
            CODE    0BFBH     000EH     UNIT         ?PR?DELAY10US?I2C
            CODE    0C09H     000DH     UNIT         ?C_INITSEG
            CODE    0C16H     000CH     UNIT         ?PR?_LCD_WRITECMD?LCD
            CODE    0C22H     000BH     UNIT         ?PR?_DELAY?PUBLIC
            CODE    0C2DH     000AH     UNIT         ?PR?I2CSTOP?I2C
            CODE    0C37H     000AH     UNIT         ?PR?LCD_CLEAR?LCD
            CODE    0C41H     0008H     UNIT         ?PR?DS18B20READTEMPCOM?TEMP
            CODE    0C49H     0007H     UNIT         ?PR?JOB1?蝊度操作系统
            CODE    0C50H     0006H     UNIT         ?RTX?TASKENT?S



OVERLAY MAP OF MODULE:   温度操作系统 (蝊度操作系统)


SEGMENT                                     DATA_GROUP 
  +--> CALLED SEGMENT                     START    LENGTH
---------------------------------------------------------
?PR?JOB2?蝊度操作系统                     -----    -----
  +--> ?PR?LCD_INIT?LCD
  +--> ?PR?KAI_DISPLAY?蝊度操作系统
  +--> ?PR?TEMP_DATAPROS?蝊度操作系统
  +--> ?PR?KEY_PROS?蝊度操作系统
  +--> ?PR?TEMPDATA_COMPARE?蝊度操作系统

?PR?LCD_INIT?LCD                          -----    -----
BL51 BANKED LINKER/LOCATER V6.22                                                      12/20/2021  22:35:45  PAGE 3


  +--> ?PR?_LCD_WRITECMD?LCD

?PR?_LCD_WRITECMD?LCD                     -----    -----
  +--> ?PR?_LCD1602_DELAY1MS?LCD

?PR?KAI_DISPLAY?蝊度操作系统              -----    -----
  +--> ?PR?_AT24C02READ?I2C
  +--> ?PR?_AT24C02WRITE?I2C
  +--> ?CO?蝊度操作系统
  +--> ?PR?_LCD_DISPSTRING?LCD

?PR?_AT24C02READ?I2C                      -----    -----
  +--> ?PR?I2CSTART?I2C
  +--> ?PR?_I2CSENDBYTE?I2C
  +--> ?PR?I2CREADBYTE?I2C
  +--> ?PR?I2CSTOP?I2C

?PR?I2CSTART?I2C                          -----    -----
  +--> ?PR?DELAY10US?I2C

?PR?_I2CSENDBYTE?I2C                      -----    -----
  +--> ?PR?DELAY10US?I2C

?PR?I2CREADBYTE?I2C                       -----    -----
  +--> ?PR?DELAY10US?I2C

?PR?I2CSTOP?I2C                           -----    -----
  +--> ?PR?DELAY10US?I2C

?PR?_AT24C02WRITE?I2C                     -----    -----
  +--> ?PR?I2CSTART?I2C
  +--> ?PR?_I2CSENDBYTE?I2C
  +--> ?PR?I2CSTOP?I2C

?PR?_LCD_DISPSTRING?LCD                   0015H    0005H
  +--> ?PR?_LCD_WRITECMD?LCD
  +--> ?PR?_LCD_WRITEDATA?LCD

?PR?_LCD_WRITEDATA?LCD                    -----    -----
  +--> ?PR?_LCD1602_DELAY1MS?LCD

?PR?TEMP_DATAPROS?蝊度操作系统            000EH    0007H
  +--> ?PR?DS18B20READTEMP?TEMP
  +--> ?CO?蝊度操作系统
  +--> ?PR?_LCD_DISPSTRING?LCD

?PR?DS18B20READTEMP?TEMP                  0015H    0002H
  +--> ?PR?DS18B20CHANGTEMP?TEMP
  +--> ?PR?DS18B20READTEMPCOM?TEMP
  +--> ?PR?DS18B20READBYTE?TEMP

?PR?DS18B20CHANGTEMP?TEMP                 -----    -----
  +--> ?PR?_DS18B20WRITEBYTE?TEMP

?PR?_DS18B20WRITEBYTE?TEMP                0017H    0002H
  +--> ?PR?DS18B20INIT?TEMP
  +--> ?PR?_DELAY1MS?TEMP
BL51 BANKED LINKER/LOCATER V6.22                                                      12/20/2021  22:35:45  PAGE 4



?PR?DS18B20READTEMPCOM?TEMP               -----    -----
  +--> ?PR?_DS18B20WRITEBYTE?TEMP

?PR?KEY_PROS?蝊度操作系统                 000EH    0004H
  +--> ?PR?_KEY_SCAN?蝊度操作系统
  +--> ?PR?LCD_CLEAR?LCD
  +--> ?CO?蝊度操作系统
  +--> ?PR?_LCD_DISPSTRING?LCD
  +--> ?PR?_AT24C02WRITE?I2C

?PR?_KEY_SCAN?蝊度操作系统                0012H    0001H
  +--> ?PR?_DELAY?PUBLIC

?PR?LCD_CLEAR?LCD                         -----    -----
  +--> ?PR?_LCD_WRITECMD?LCD

?PR?TEMPDATA_COMPARE?蝊度操作系统         -----    -----
  +--> ?PR?SOUND1?蝊度操作系统
  +--> ?PR?SOUND2?蝊度操作系统

?PR?SOUND1?蝊度操作系统                   000EH    0001H
  +--> ?PR?_DELAY?PUBLIC

?PR?SOUND2?蝊度操作系统                   000EH    0001H
  +--> ?PR?_DELAY?PUBLIC

*** NEW ROOT ***************************************************

?C_C51STARTUP                             -----    -----
  +--> ?C_INITSEG



SYMBOL TABLE OF MODULE:  温度操作系统 (蝊度操作系统)

  VALUE           TYPE          NAME
  ----------------------------------

  -------         MODULE        蝊度操作系统
  C:0000H         SYMBOL        _ICE_DUMMY_
  D:0090H         PUBLIC        P1
  D:00A0H         PUBLIC        P2
  D:00B0H         PUBLIC        P3
  D:00A8H         PUBLIC        IE
  C:0842H         PUBLIC        kai_display
  D:00B8H         PUBLIC        IP
  C:0650H         PUBLIC        Temp_DataPros
  B:00B0H.1       PUBLIC        k1
  B:00B0H.0       PUBLIC        k2
  B:0090H.5       PUBLIC        beep
  B:00B0H.2       PUBLIC        k3
  B:0090H.4       PUBLIC        relay
  D:0022H         PUBLIC        mode
  D:0098H         PUBLIC        SCON
  D:0088H         PUBLIC        TCON
  B:00A0H.4       PUBLIC        led
BL51 BANKED LINKER/LOCATER V6.22                                                      12/20/2021  22:35:45  PAGE 5


  C:08E4H         PUBLIC        TempData_Compare
  B:0090H.0       PUBLIC        moto
  D:0023H         PUBLIC        set_temph
  C:09AFH         PUBLIC        _KEY_Scan
  D:0024H         PUBLIC        ii
  D:0025H         PUBLIC        set_templ
  C:0B95H         PUBLIC        sound1
  D:0026H         PUBLIC        temp_val
  C:0BABH         PUBLIC        sound2
  D:00C8H         PUBLIC        T2CON
  C:0ACFH         PUBLIC        job0
  C:0C49H         PUBLIC        job1
  C:0BD7H         PUBLIC        job2
  C:053AH         PUBLIC        KEY_Pros
  D:00D0H         PUBLIC        PSW
  -------         PROC          TEMP_DATAPROS
  -------         DO            
  D:000EH         SYMBOL        temp
  D:0010H         SYMBOL        temp_buf
  -------         ENDDO         
  C:0650H         LINE#         25
  C:0650H         LINE#         26
  C:0650H         LINE#         29
  C:0657H         LINE#         30
  C:065DH         LINE#         31
  C:0666H         LINE#         32
  C:0666H         LINE#         33
  C:0671H         LINE#         34
  C:0677H         LINE#         35
  C:0679H         LINE#         37
  C:0679H         LINE#         38
  C:0686H         LINE#         39
  C:0686H         LINE#         41
  C:0696H         LINE#         42
  C:06B5H         LINE#         43
  C:06B8H         LINE#         44
  C:06C8H         LINE#         45
  C:06CBH         LINE#         46
  C:06D6H         LINE#         48
  C:06E2H         LINE#         49
  C:06F1H         LINE#         50
  C:06F4H         LINE#         51
  C:0700H         LINE#         53
  C:070CH         LINE#         54
  C:071BH         LINE#         55
  C:071EH         LINE#         56
  -------         ENDPROC       TEMP_DATAPROS
  -------         PROC          _KEY_SCAN
  D:0012H         SYMBOL        mode
  -------         DO            
  D:0021H         SYMBOL        key
  -------         ENDDO         
  C:09AFH         LINE#         66
  C:09B1H         LINE#         67
  C:09B1H         LINE#         69
  C:09BEH         LINE#         70
  C:09BEH         LINE#         71
BL51 BANKED LINKER/LOCATER V6.22                                                      12/20/2021  22:35:45  PAGE 6


  C:09C5H         LINE#         72
  C:09C8H         LINE#         73
  C:09CBH         LINE#         74
  C:09CBH         LINE#         75
  C:09CEH         LINE#         76
  C:09CEH         LINE#         77
  C:09D1H         LINE#         78
  C:09D1H         LINE#         79
  C:09D4H         LINE#         80
  C:09D4H         LINE#         81
  C:09D7H         LINE#         82
  C:09D7H         LINE#         83
  C:09DAH         LINE#         84
  C:09DAH         LINE#         85
  C:09DAH         LINE#         86
  C:09E3H         LINE#         87
  C:09E3H         LINE#         88
  C:09E6H         LINE#         89
  C:09E6H         LINE#         90
  C:09EAH         LINE#         91
  C:09EAH         LINE#         92
  C:09EDH         LINE#         93
  C:09EDH         LINE#         94
  C:09EFH         LINE#         95
  -------         ENDPROC       _KEY_SCAN
  -------         PROC          KEY_PROS
  -------         DO            
  D:000EH         SYMBOL        key
  D:000FH         SYMBOL        temph_buf
  -------         ENDDO         
  C:053AH         LINE#         97
  C:053AH         LINE#         98
  C:053AH         LINE#         102
  C:0541H         LINE#         104
  C:0547H         LINE#         105
  C:0547H         LINE#         106
  C:0549H         LINE#         107
  C:054CH         LINE#         109
  C:0551H         LINE#         110
  C:0551H         LINE#         111
  C:0559H         LINE#         112
  C:055BH         LINE#         113
  C:0560H         LINE#         114
  C:0560H         LINE#         115
  C:056AH         LINE#         116
  C:056CH         LINE#         118
  C:056CH         LINE#         119
  C:056FH         LINE#         120
  C:057BH         LINE#         121
  C:0588H         LINE#         122
  C:0595H         LINE#         123
  C:0595H         LINE#         124
  C:0595H         LINE#         125
  C:059BH         LINE#         126
  C:059BH         LINE#         127
  C:05A4H         LINE#         128
  C:05A4H         LINE#         129
BL51 BANKED LINKER/LOCATER V6.22                                                      12/20/2021  22:35:45  PAGE 7


  C:05A4H         LINE#         130
  C:05A6H         LINE#         131
  C:05B2H         LINE#         132
  C:05B4H         LINE#         133
  C:05B4H         LINE#         134
  C:05B6H         LINE#         135
  C:05C2H         LINE#         136
  C:05C2H         LINE#         137
  C:05C2H         LINE#         139
  C:05CEH         LINE#         140
  C:05DDH         LINE#         141
  C:05E0H         LINE#         142
  C:05EBH         LINE#         143
  C:05EFH         LINE#         144
  C:05F1H         LINE#         146
  C:05F7H         LINE#         147
  C:05F7H         LINE#         148
  C:0600H         LINE#         149
  C:0600H         LINE#         150
  C:0600H         LINE#         151
  C:0602H         LINE#         152
  C:060EH         LINE#         153
  C:0610H         LINE#         154
  C:0610H         LINE#         155
  C:0612H         LINE#         156
  C:061EH         LINE#         157
  C:061EH         LINE#         158
  C:061EH         LINE#         160
  C:062AH         LINE#         161
  C:0639H         LINE#         162
  C:063CH         LINE#         163
  C:0648H         LINE#         164
  C:064FH         LINE#         165
  C:064FH         LINE#         166
  -------         ENDPROC       KEY_PROS
  -------         PROC          SOUND1
  -------         DO            
  D:000EH         SYMBOL        i
  -------         ENDDO         
  C:0B95H         LINE#         168
  C:0B95H         LINE#         169
  C:0B95H         LINE#         170
  C:0B98H         LINE#         171
  C:0B9FH         LINE#         172
  C:0B9FH         LINE#         173
  C:0BA1H         LINE#         174
  C:0BA8H         LINE#         175
  C:0BAAH         LINE#         176
  -------         ENDPROC       SOUND1
  -------         PROC          SOUND2
  -------         DO            
  D:000EH         SYMBOL        i
  -------         ENDDO         
  C:0BABH         LINE#         178
  C:0BABH         LINE#         179
  C:0BABH         LINE#         180
  C:0BAEH         LINE#         181
BL51 BANKED LINKER/LOCATER V6.22                                                      12/20/2021  22:35:45  PAGE 8


  C:0BB5H         LINE#         182
  C:0BB5H         LINE#         183
  C:0BB7H         LINE#         184
  C:0BBEH         LINE#         185
  C:0BC0H         LINE#         186
  -------         ENDPROC       SOUND2
  -------         PROC          TEMPDATA_COMPARE
  C:08E4H         LINE#         188
  C:08E4H         LINE#         189
  C:08E4H         LINE#         190
  C:08FBH         LINE#         191
  C:08FBH         LINE#         192
  C:08FDH         LINE#         193
  C:08FFH         LINE#         194
  C:0901H         LINE#         195
  C:0904H         LINE#         196
  C:0904H         LINE#         197
  C:091BH         LINE#         198
  C:091BH         LINE#         199
  C:091DH         LINE#         200
  C:091FH         LINE#         201
  C:0921H         LINE#         202
  C:0924H         LINE#         203
  C:0924H         LINE#         205
  C:0924H         LINE#         206
  C:0926H         LINE#         207
  C:0928H         LINE#         208
  C:092AH         LINE#         209
  C:092AH         LINE#         210
  -------         ENDPROC       TEMPDATA_COMPARE
  -------         PROC          KAI_DISPLAY
  C:0842H         LINE#         212
  C:0842H         LINE#         213
  C:0842H         LINE#         214
  C:084CH         LINE#         215
  C:084CH         LINE#         216
  C:0853H         LINE#         217
  C:085AH         LINE#         218
  C:0861H         LINE#         219
  C:0863H         LINE#         221
  C:0863H         LINE#         222
  C:086AH         LINE#         223
  C:0871H         LINE#         224
  C:0871H         LINE#         226
  C:087EH         LINE#         227
  C:088BH         LINE#         228
  -------         ENDPROC       KAI_DISPLAY
  -------         PROC          JOB0
  C:0ACFH         LINE#         231
  C:0ACFH         LINE#         233
  C:0AD4H         LINE#         234
  C:0AD9H         LINE#         235
  C:0ADEH         LINE#         236
  C:0ADEH         LINE#         237
  C:0ADEH         LINE#         238
  C:0AE1H         LINE#         239
  C:0AE1H         LINE#         240
BL51 BANKED LINKER/LOCATER V6.22                                                      12/20/2021  22:35:45  PAGE 9


  C:0AE6H         LINE#         241
  C:0AEDH         LINE#         242
  -------         ENDPROC       JOB0
  -------         PROC          JOB1
  C:0C49H         LINE#         247
  C:0C49H         LINE#         249
  C:0C4BH         LINE#         250
  C:0C4DH         LINE#         251
  C:0C4FH         LINE#         252
  -------         ENDPROC       JOB1
  -------         PROC          JOB2
  C:0BD7H         LINE#         254
  C:0BD7H         LINE#         256
  C:0BDAH         LINE#         257
  C:0BDDH         LINE#         258
  C:0BDDH         LINE#         259
  C:0BDDH         LINE#         260
  C:0BE1H         LINE#         261
  C:0BE4H         LINE#         262
  C:0BE7H         LINE#         263
  C:0BEAH         LINE#         264
  -------         ENDPROC       JOB2
  -------         ENDMOD        蝊度操作系统

  -------         MODULE        I2C
  C:0000H         SYMBOL        _ICE_DUMMY_
  D:0090H         PUBLIC        P1
  D:00A0H         PUBLIC        P2
  C:09F0H         PUBLIC        _I2cSendByte
  D:00B0H         PUBLIC        P3
  C:0C2DH         PUBLIC        I2cStop
  D:00A8H         PUBLIC        IE
  D:00B8H         PUBLIC        IP
  D:0098H         PUBLIC        SCON
  D:0088H         PUBLIC        TCON
  C:0C00H         PUBLIC        Delay10us
  B:00A0H.0       PUBLIC        SDA
  C:0B1EH         PUBLIC        _At24c02Read
  B:00A0H.1       PUBLIC        SCL
  D:00C8H         PUBLIC        T2CON
  C:0BECH         PUBLIC        I2cStart
  C:0B7CH         PUBLIC        _At24c02Write
  C:0AF8H         PUBLIC        I2cReadByte
  D:00D0H         PUBLIC        PSW
  C:0BFBH         SYMBOL        L?0024
  -------         PROC          L?0023
  -------         ENDPROC       L?0023
  C:0BFBH         SYMBOL        L?0024
  -------         PROC          DELAY10US
  -------         DO            
  D:0006H         SYMBOL        a
  D:0007H         SYMBOL        b
  -------         ENDDO         
  C:0C00H         LINE#         10
  C:0C00H         LINE#         11
  C:0C00H         LINE#         13
  C:0C02H         LINE#         14
BL51 BANKED LINKER/LOCATER V6.22                                                      12/20/2021  22:35:45  PAGE 10


  C:0C08H         LINE#         16
  -------         ENDPROC       DELAY10US
  -------         PROC          I2CSTART
  C:0BECH         LINE#         25
  C:0BECH         LINE#         26
  C:0BECH         LINE#         27
  C:0BEEH         LINE#         28
  C:0BEEH         LINE#         29
  C:0BEEH         LINE#         30
  C:0BF1H         LINE#         31
  C:0BF3H         LINE#         32
  C:0BF6H         LINE#         33
  C:0BF8H         LINE#         34
  -------         ENDPROC       I2CSTART
  -------         PROC          I2CSTOP
  C:0C2DH         LINE#         44
  C:0C2DH         LINE#         45
  C:0C2DH         LINE#         46
  C:0C2FH         LINE#         47
  C:0C2FH         LINE#         48
  C:0C2FH         LINE#         49
  C:0C32H         LINE#         50
  C:0C34H         LINE#         51
  -------         ENDPROC       I2CSTOP
  -------         PROC          _I2CSENDBYTE
  D:0005H         SYMBOL        dat
  -------         DO            
  D:0003H         SYMBOL        a
  D:0002H         SYMBOL        b
  -------         ENDDO         
  C:09F0H         LINE#         61
  C:09F2H         LINE#         62
  C:09F2H         LINE#         63
  C:09F5H         LINE#         64
  C:09F5H         LINE#         65
  C:09F5H         LINE#         66
  C:0A00H         LINE#         67
  C:0A04H         LINE#         68
  C:0A04H         LINE#         69
  C:0A04H         LINE#         70
  C:0A07H         LINE#         71
  C:0A09H         LINE#         72
  C:0A0CH         LINE#         73
  C:0A10H         LINE#         74
  C:0A12H         LINE#         75
  C:0A15H         LINE#         76
  C:0A17H         LINE#         77
  C:0A1AH         LINE#         78
  C:0A1AH         LINE#         79
  C:0A1BH         LINE#         80
  C:0A21H         LINE#         81
  C:0A21H         LINE#         82
  C:0A23H         LINE#         83
  C:0A26H         LINE#         84
  C:0A29H         LINE#         85
  C:0A29H         LINE#         86
  C:0A29H         LINE#         87
BL51 BANKED LINKER/LOCATER V6.22                                                      12/20/2021  22:35:45  PAGE 11


  C:0A2BH         LINE#         88
  C:0A2EH         LINE#         89
  C:0A30H         LINE#         90
  -------         ENDPROC       _I2CSENDBYTE
  -------         PROC          I2CREADBYTE
  -------         DO            
  D:0005H         SYMBOL        a
  D:0004H         SYMBOL        dat
  -------         ENDDO         
  C:0AF8H         LINE#         99
  C:0AF8H         LINE#         100
  C:0AF8H         LINE#         101
  C:0AFBH         LINE#         102
  C:0AFDH         LINE#         103
  C:0B00H         LINE#         104
  C:0B00H         LINE#         105
  C:0B00H         LINE#         106
  C:0B02H         LINE#         107
  C:0B05H         LINE#         108
  C:0B09H         LINE#         109
  C:0B0FH         LINE#         110
  C:0B12H         LINE#         111
  C:0B14H         LINE#         112
  C:0B17H         LINE#         113
  C:0B1BH         LINE#         114
  C:0B1DH         LINE#         115
  -------         ENDPROC       I2CREADBYTE
  -------         PROC          _AT24C02WRITE
  D:0001H         SYMBOL        addr
  D:0004H         SYMBOL        dat
  C:0B7CH         LINE#         125
  C:0B80H         LINE#         126
  C:0B80H         LINE#         127
  C:0B83H         LINE#         128
  C:0B88H         LINE#         129
  C:0B8DH         LINE#         130
  C:0B92H         LINE#         131
  -------         ENDPROC       _AT24C02WRITE
  -------         PROC          _AT24C02READ
  D:0004H         SYMBOL        addr
  -------         DO            
  D:0005H         SYMBOL        num
  -------         ENDDO         
  C:0B1EH         LINE#         140
  C:0B20H         LINE#         141
  C:0B20H         LINE#         143
  C:0B23H         LINE#         144
  C:0B28H         LINE#         145
  C:0B2DH         LINE#         146
  C:0B30H         LINE#         147
  C:0B35H         LINE#         148
  C:0B3AH         LINE#         149
  C:0B3DH         LINE#         150
  C:0B3FH         LINE#         151
  -------         ENDPROC       _AT24C02READ
  -------         ENDMOD        I2C

BL51 BANKED LINKER/LOCATER V6.22                                                      12/20/2021  22:35:45  PAGE 12


  -------         MODULE        LCD
  C:0000H         SYMBOL        _ICE_DUMMY_
  D:0080H         PUBLIC        P0
  D:0090H         PUBLIC        P1
  D:00A0H         PUBLIC        P2
  D:00B0H         PUBLIC        P3
  D:00A8H         PUBLIC        IE
  D:00B8H         PUBLIC        IP
  C:0C37H         PUBLIC        LCD_Clear
  B:00A0H.6       PUBLIC        LCD1602_RS
  B:00A0H.5       PUBLIC        LCD1602_RW
  D:0098H         PUBLIC        SCON
  D:0088H         PUBLIC        TCON
  C:0BCBH         PUBLIC        _LCD_WriteData
  B:00A0H.7       PUBLIC        LCD1602_E
  C:0954H         PUBLIC        _Lcd1602_Delay1ms
  C:0B40H         PUBLIC        LCD_Init
  C:0C16H         PUBLIC        _LCD_WriteCmd
  C:072AH         PUBLIC        _LCD_Dispstring
  D:00C8H         PUBLIC        T2CON
  D:00D0H         PUBLIC        PSW
  -------         PROC          L?0029
  -------         ENDPROC       L?0029
  -------         PROC          _LCD1602_DELAY1MS
  D:0006H         SYMBOL        c
  -------         DO            
  D:0004H         SYMBOL        a
  D:0005H         SYMBOL        b
  -------         ENDDO         
  C:0954H         LINE#         11
  C:0954H         LINE#         12
  C:0954H         LINE#         14
  C:095DH         LINE#         15
  C:095DH         LINE#         16
  C:095FH         LINE#         17
  C:095FH         LINE#         18
  C:0963H         LINE#         19
  C:0965H         LINE#         20
  C:096CH         LINE#         22
  -------         ENDPROC       _LCD1602_DELAY1MS
  -------         PROC          _LCD_WRITECMD
  D:0003H         SYMBOL        com
  C:0C16H         LINE#         39
  C:0C18H         LINE#         40
  C:0C18H         LINE#         41
  C:0C1AH         LINE#         42
  C:0C1CH         LINE#         43
  C:0C1CH         LINE#         45
  C:0C1CH         LINE#         46
  C:0C1CH         LINE#         48
  C:0C1CH         LINE#         49
  C:0C1CH         LINE#         50
  C:0C1CH         LINE#         53
  C:0C1CH         LINE#         54
  C:0C1CH         LINE#         56
  C:0C1CH         LINE#         57
  C:0C1FH         LINE#         58
BL51 BANKED LINKER/LOCATER V6.22                                                      12/20/2021  22:35:45  PAGE 13


  C:0C21H         LINE#         59
  -------         ENDPROC       _LCD_WRITECMD
  -------         PROC          L?0030
  -------         ENDPROC       L?0030
  -------         PROC          _LCD_WRITEDATA
  D:0003H         SYMBOL        dat
  C:0BCBH         LINE#         82
  C:0BCDH         LINE#         83
  C:0BCDH         LINE#         84
  C:0BCFH         LINE#         85
  C:0BD1H         LINE#         86
  C:0BD1H         LINE#         88
  C:0BD1H         LINE#         89
  C:0BD1H         LINE#         91
  C:0BD1H         LINE#         92
  C:0BD1H         LINE#         93
  C:0BD1H         LINE#         95
  C:0BD1H         LINE#         96
  C:0BD1H         LINE#         98
  C:0BD1H         LINE#         99
  C:0BD4H         LINE#         100
  C:0BD6H         LINE#         101
  -------         ENDPROC       _LCD_WRITEDATA
  -------         PROC          LCD_INIT
  C:0B40H         LINE#         119
  C:0B40H         LINE#         120
  C:0B40H         LINE#         121
  C:0B45H         LINE#         122
  C:0B4AH         LINE#         123
  C:0B4FH         LINE#         124
  C:0B54H         LINE#         125
  C:0B59H         LINE#         126
  -------         ENDPROC       LCD_INIT
  -------         PROC          LCD_CLEAR
  C:0C37H         LINE#         132
  C:0C37H         LINE#         133
  C:0C37H         LINE#         134
  C:0C3CH         LINE#         135
  -------         ENDPROC       LCD_CLEAR
  -------         PROC          _LCD_DISPSTRING
  D:0015H         SYMBOL        x
  D:0005H         SYMBOL        line
  D:0016H         SYMBOL        p
  -------         DO            
  D:0019H         SYMBOL        i
  -------         ENDDO         
  C:072AH         LINE#         140
  C:0732H         LINE#         141
  C:0732H         LINE#         142
  C:0735H         LINE#         143
  C:073BH         LINE#         144
  C:073BH         LINE#         145
  C:0746H         LINE#         146
  C:0746H         LINE#         147
  C:0758H         LINE#         148
  C:0758H         LINE#         149
  C:075CH         LINE#         150
BL51 BANKED LINKER/LOCATER V6.22                                                      12/20/2021  22:35:45  PAGE 14


  C:075EH         LINE#         152
  C:075EH         LINE#         153
  C:0766H         LINE#         154
  C:0766H         LINE#         155
  C:0769H         LINE#         156
  C:0774H         LINE#         157
  C:0776H         LINE#         158
  C:0778H         LINE#         159
  C:0778H         LINE#         161
  C:0778H         LINE#         162
  C:0783H         LINE#         163
  C:0783H         LINE#         164
  C:0795H         LINE#         165
  C:0795H         LINE#         166
  C:0799H         LINE#         167
  C:079BH         LINE#         169
  C:079BH         LINE#         170
  C:07A3H         LINE#         171
  C:07A3H         LINE#         172
  C:07A6H         LINE#         173
  C:07B1H         LINE#         174
  C:07B3H         LINE#         175
  C:07B5H         LINE#         176
  C:07B5H         LINE#         177
  -------         ENDPROC       _LCD_DISPSTRING
  -------         ENDMOD        LCD

  -------         MODULE        PUBLIC
  C:0000H         SYMBOL        _ICE_DUMMY_
  D:0090H         PUBLIC        P1
  D:00B0H         PUBLIC        P3
  D:00A8H         PUBLIC        IE
  C:0C22H         PUBLIC        _delay
  D:00B8H         PUBLIC        IP
  D:0098H         PUBLIC        SCON
  D:0088H         PUBLIC        TCON
  D:00C8H         PUBLIC        T2CON
  D:00D0H         PUBLIC        PSW
  -------         PROC          _DELAY
  D:0006H         SYMBOL        i
  C:0C22H         LINE#         3
  C:0C22H         LINE#         4
  C:0C22H         LINE#         5
  C:0C2CH         LINE#         6
  -------         ENDPROC       _DELAY
  -------         ENDMOD        PUBLIC

  -------         MODULE        TEMP
  C:0000H         SYMBOL        _ICE_DUMMY_
  C:0898H         PUBLIC        Ds18b20ReadTemp
  D:0090H         PUBLIC        P1
  D:00B0H         PUBLIC        P3
  C:0B5EH         PUBLIC        _Delay1ms
  C:0979H         PUBLIC        _Ds18b20WriteByte
  D:00A8H         PUBLIC        IE
  D:00B8H         PUBLIC        IP
  C:0C41H         PUBLIC        Ds18b20ReadTempCom
BL51 BANKED LINKER/LOCATER V6.22                                                      12/20/2021  22:35:45  PAGE 15


  D:0098H         PUBLIC        SCON
  D:0088H         PUBLIC        TCON
  B:00B0H.7       PUBLIC        DSPORT
  C:0003H         PUBLIC        Ds18b20ChangTemp
  D:00C8H         PUBLIC        T2CON
  D:00D0H         PUBLIC        PSW
  C:0A31H         PUBLIC        Ds18b20ReadByte
  C:0AA3H         PUBLIC        Ds18b20Init
  -------         PROC          _DELAY1MS
  D:0006H         SYMBOL        y
  -------         DO            
  D:0004H         SYMBOL        x
  -------         ENDDO         
  C:0B5EH         LINE#         9
  C:0B5EH         LINE#         10
  C:0B5EH         LINE#         12
  C:0B67H         LINE#         13
  C:0B7BH         LINE#         14
  -------         ENDPROC       _DELAY1MS
  -------         PROC          DS18B20INIT
  -------         DO            
  D:0006H         SYMBOL        i
  -------         ENDDO         
  C:0AA3H         LINE#         22
  C:0AA3H         LINE#         23
  C:0AA3H         LINE#         25
  C:0AA5H         LINE#         26
  C:0AA9H         LINE#         27
  C:0AB3H         LINE#         28
  C:0AB5H         LINE#         29
  C:0AB8H         LINE#         30
  C:0ABBH         LINE#         31
  C:0ABBH         LINE#         32
  C:0AC0H         LINE#         33
  C:0AC9H         LINE#         34
  C:0ACCH         LINE#         35
  C:0ACCH         LINE#         36
  C:0ACEH         LINE#         37
  -------         ENDPROC       DS18B20INIT
  -------         PROC          L?0045
  -------         ENDPROC       L?0045
  -------         PROC          _DS18B20WRITEBYTE
  D:0007H         SYMBOL        dat
  -------         DO            
  D:0017H         SYMBOL        i
  D:0002H         SYMBOL        j
  -------         ENDDO         
  C:0979H         LINE#         46
  C:0979H         LINE#         47
  C:0979H         LINE#         49
  C:097CH         LINE#         50
  C:097CH         LINE#         51
  C:097EH         LINE#         52
  C:0986H         LINE#         53
  C:098AH         LINE#         54
  C:0990H         LINE#         55
  C:099DH         LINE#         56
BL51 BANKED LINKER/LOCATER V6.22                                                      12/20/2021  22:35:45  PAGE 16


  C:099FH         LINE#         57
  C:09A3H         LINE#         58
  C:09AEH         LINE#         59
  -------         ENDPROC       _DS18B20WRITEBYTE
  -------         PROC          DS18B20READBYTE
  -------         DO            
  D:0001H         SYMBOL        byte
  D:0003H         SYMBOL        bi
  D:0006H         SYMBOL        i
  D:0004H         SYMBOL        j
  -------         ENDDO         
  C:0A31H         LINE#         68
  C:0A31H         LINE#         69
  C:0A31H         LINE#         72
  C:0A35H         LINE#         73
  C:0A35H         LINE#         74
  C:0A37H         LINE#         75
  C:0A3BH         LINE#         76
  C:0A3DH         LINE#         77
  C:0A41H         LINE#         78
  C:0A45H         LINE#         79
  C:0A49H         LINE#         81
  C:0A55H         LINE#         82
  C:0A59H         LINE#         83
  C:0A63H         LINE#         84
  C:0A6CH         LINE#         85
  C:0A6EH         LINE#         86
  -------         ENDPROC       DS18B20READBYTE
  -------         PROC          DS18B20CHANGTEMP
  C:0003H         LINE#         94
  C:0003H         LINE#         95
  C:0003H         LINE#         96
  C:0003H         LINE#         97
  C:0003H         LINE#         98
  C:0006H         LINE#         99
  -------         ENDPROC       DS18B20CHANGTEMP
  -------         PROC          DS18B20READTEMPCOM
  C:0C41H         LINE#         110
  C:0C41H         LINE#         111
  C:0C41H         LINE#         113
  C:0C41H         LINE#         114
  C:0C41H         LINE#         115
  C:0C44H         LINE#         116
  -------         ENDPROC       DS18B20READTEMPCOM
  -------         PROC          DS18B20READTEMP
  -------         DO            
  D:0015H         SYMBOL        temp
  D:0007H         SYMBOL        tmh
  D:0016H         SYMBOL        tml
  D:0006H         SYMBOL        tem
  -------         ENDDO         
  C:0898H         LINE#         125
  C:0898H         LINE#         126
  C:0898H         LINE#         127
  C:089BH         LINE#         131
  C:089EH         LINE#         132
  C:08A1H         LINE#         133
BL51 BANKED LINKER/LOCATER V6.22                                                      12/20/2021  22:35:45  PAGE 17


  C:08A6H         LINE#         134
  C:08A9H         LINE#         136
  C:08AFH         LINE#         137
  C:08AFH         LINE#         138
  C:08B2H         LINE#         139
  C:08B5H         LINE#         140
  C:08B8H         LINE#         141
  C:08BAH         LINE#         143
  C:08BAH         LINE#         144
  C:08BDH         LINE#         145
  C:08BDH         LINE#         147
  C:08BDH         LINE#         148
  C:08BFH         LINE#         149
  C:08C2H         LINE#         150
  C:08D7H         LINE#         151
  C:08DBH         LINE#         152
  C:08DCH         LINE#         154
  C:08E3H         LINE#         155
  -------         ENDPROC       DS18B20READTEMP
  -------         ENDMOD        TEMP

  -------         MODULE        ?RTX51_TINY_KERNAL
  C:0C50H         SEGMENT       ?RTX?TASKENT?S
  I:0028H         SEGMENT       ?RTX?TASKSP?S
  I:001AH         SEGMENT       ?RTX?TASKSTATE?S
  B:0020H.0       SEGMENT       ?RTX?BITS
  C:02B9H         SEGMENT       ?RTX?CODE
  C:0417H         PUBLIC        ?RTX?SET_ISR
  D:000CH         PUBLIC        ?RTX_CURRENTTASK
  D:0007H         PUBLIC        ?RTX_NEXTID
  C:045AH         PUBLIC        ?RTX_NEXTTASK
  N:00FFH         PUBLIC        ?RTX_RAMTOP
  C:0C50H         PUBLIC        ?RTX_TASKENTRY
  C:0539H         PUBLIC        ?RTX_TASKIDX
  I:0028H         PUBLIC        ?RTX_TASKSP
  I:001AH         PUBLIC        ?RTX_TASKSTATUS
  C:04FDH         PUBLIC        MAIN
  C:0443H         PUBLIC        OS_SWITCH_TASK
  C:044CH         SYMBOL        ?C0001
  C:0456H         SYMBOL        ?C0003
  C:045BH         SYMBOL        ?C0005
  C:0475H         SYMBOL        ?C0007
  C:0477H         SYMBOL        ?C0009
  C:0481H         SYMBOL        ?C0011
  C:04AEH         SYMBOL        ?C0012
  C:0494H         SYMBOL        ?C0013
  C:0499H         SYMBOL        ?C0015
  C:04A4H         SYMBOL        ?C0016
  N:0000H         SYMBOL        ?RTX51_TINY_KERNAL
  N:D8F0H         SYMBOL        ?RTX_CLOCK
  N:0008H         SYMBOL        ?RTX_REGISTERBANK
  D:000DH         SYMBOL        ?RTX_ROBINTIME
  D:000AH         SYMBOL        ?RTX_SAVEACC
  D:000BH         SYMBOL        ?RTX_SAVEPSW
  C:03C8H         SYMBOL        ?RTX_STACKERROR
  C:041BH         SYMBOL        ?RTX_TASKSWITCHING
  B:0020H.0       SYMBOL        ?RTX_TS_DELAY
BL51 BANKED LINKER/LOCATER V6.22                                                      12/20/2021  22:35:45  PAGE 18


  D:00E0H         SYMBOL        ACC
  D:00F0H         SYMBOL        B
  N:0005H         SYMBOL        B_ACTIVE
  N:0007H         SYMBOL        B_IVL
  N:0007H         SYMBOL        B_RDY
  N:0004H         SYMBOL        B_READY
  N:0006H         SYMBOL        B_ROBIN
  N:0002H         SYMBOL        B_SIGNAL
  N:0003H         SYMBOL        B_TIMEOUT
  N:0000H         SYMBOL        B_WAITSIG
  N:0001H         SYMBOL        B_WAITTIM
  C:0418H         SYMBOL        CHECKROBINTIME
  C:03F2H         SYMBOL        CHECKSTACK
  N:0000H         SYMBOL        CODE_BANKING
  N:0000H         SYMBOL        CPU_IDLE_CODE
  D:0083H         SYMBOL        DPH
  D:0082H         SYMBOL        DPL
  B:00A8H.7       SYMBOL        EA
  B:00A8H.4       SYMBOL        ES
  B:00A8H.1       SYMBOL        ET0
  B:00A8H.3       SYMBOL        ET1
  B:00A8H.0       SYMBOL        EX0
  B:00A8H.2       SYMBOL        EX1
  N:0014H         SYMBOL        FREE_STACK
  C:03CCH         SYMBOL        HW_TIMER
  D:00A8H         SYMBOL        IE
  B:0088H.1       SYMBOL        IE0
  B:0088H.3       SYMBOL        IE1
  N:2710H         SYMBOL        INT_CLOCK
  N:0001H         SYMBOL        INT_REGBANK
  B:0088H.0       SYMBOL        IT0
  B:0088H.2       SYMBOL        IT1
  N:0020H         SYMBOL        K_ACTIVE
  N:0080H         SYMBOL        K_IVL
  N:0080H         SYMBOL        K_RDY
  N:0010H         SYMBOL        K_READY
  N:0040H         SYMBOL        K_ROBIN
  N:0001H         SYMBOL        K_SIG
  N:0002H         SYMBOL        K_TMO
  N:0000H         SYMBOL        LONG_USR_INTR
  C:0506H         SYMBOL        MAIN1
  C:0510H         SYMBOL        MAIN1X
  C:050BH         SYMBOL        MAIN2
  C:04D1H         SYMBOL        NOEVENT
  C:0417H         SYMBOL        NOROBINTIMEOUT
  C:040EH         SYMBOL        NOTIMEOUT
  C:040CH         SYMBOL        NOWAITTIMEOUT
  C:0443H         SYMBOL        OS_SWITCH_TASK1
  D:0087H         SYMBOL        PCON
  D:00D0H         SYMBOL        PSW
  N:00FFH         SYMBOL        RAMTOP
  N:0080H         SYMBOL        RDY_EVENT
  C:04DDH         SYMBOL        ROBINON
  C:04C5H         SYMBOL        SIGNALOFF
  C:04D1H         SYMBOL        SIGNALON
  N:0004H         SYMBOL        SIG_EVENT
  D:0081H         SYMBOL        SP
BL51 BANKED LINKER/LOCATER V6.22                                                      12/20/2021  22:35:45  PAGE 19


  I:001BH         SYMBOL        TASKSTATE
  D:0088H         SYMBOL        TCON
  B:0088H.5       SYMBOL        TF0
  B:0088H.7       SYMBOL        TF1
  D:008CH         SYMBOL        TH0
  D:008DH         SYMBOL        TH1
  C:04CDH         SYMBOL        TIMEOUTON
  C:03CDH         SYMBOL        TIMERINT
  C:03FEH         SYMBOL        TIMERLOOP
  I:001AH         SYMBOL        TIMERVAL
  N:0005H         SYMBOL        TIMESHARING
  D:008AH         SYMBOL        TL0
  D:008BH         SYMBOL        TL1
  D:0089H         SYMBOL        TMOD
  N:0008H         SYMBOL        TMO_EVENT
  B:0088H.4       SYMBOL        TR0
  B:0088H.6       SYMBOL        TR1
  C:000BH         LINE#         271
  C:03C8H         LINE#         279
  C:03CAH         LINE#         279
  C:03CCH         LINE#         282
  C:03CDH         LINE#         299
  C:03D0H         LINE#         301
  C:03D3H         LINE#         302
  C:03D6H         LINE#         303
  C:03D8H         LINE#         305
  C:03DAH         LINE#         306
  C:03DCH         LINE#         307
  C:03DEH         LINE#         308
  C:03E0H         LINE#         309
  C:03E2H         LINE#         310
  C:03E4H         LINE#         311
  C:03E6H         LINE#         312
  C:03E8H         LINE#         316
  C:03E9H         LINE#         317
  C:03EBH         LINE#         318
  C:03ECH         LINE#         319
  C:03EDH         LINE#         320
  C:03F0H         LINE#         321
  C:03F2H         LINE#         322
  C:03F3H         LINE#         323
  C:03F5H         LINE#         324
  C:03F8H         LINE#         325
  C:03FAH         LINE#         329
  C:03FCH         LINE#         330
  C:03FEH         LINE#         331
  C:03FFH         LINE#         332
  C:0400H         LINE#         333
  C:0401H         LINE#         334
  C:0403H         LINE#         335
  C:0405H         LINE#         336
  C:0406H         LINE#         337
  C:0409H         LINE#         338
  C:040BH         LINE#         339
  C:040CH         LINE#         340
  C:040EH         LINE#         341
  C:040FH         LINE#         342
BL51 BANKED LINKER/LOCATER V6.22                                                      12/20/2021  22:35:45  PAGE 20


  C:0411H         LINE#         344
  C:0412H         LINE#         345
  C:0414H         LINE#         360
  C:0417H         LINE#         366
  C:0418H         LINE#         367
  C:041BH         LINE#         370
  C:041DH         LINE#         371
  C:041FH         LINE#         372
  C:0421H         LINE#         373
  C:0423H         LINE#         374
  C:0425H         LINE#         375
  C:0427H         LINE#         376
  C:0429H         LINE#         377
  C:042BH         LINE#         378
  C:042DH         LINE#         379
  C:042FH         LINE#         380
  C:0431H         LINE#         381
  C:0433H         LINE#         382
  C:0435H         LINE#         387
  C:0437H         LINE#         388
  C:0438H         LINE#         389
  C:043AH         LINE#         390
  C:043BH         LINE#         391
  C:043DH         LINE#         392
  C:043FH         LINE#         393
  C:0440H         LINE#         394
  C:0441H         LINE#         395
  C:0443H         LINE#         424
  C:0445H         LINE#         426
  C:0447H         LINE#         427
  C:0448H         LINE#         429
  C:0449H         LINE#         430
  C:044BH         LINE#         431
  C:044CH         LINE#         434
  C:044DH         LINE#         435
  C:044EH         LINE#         436
  C:044FH         LINE#         444
  C:0452H         LINE#         445
  C:0454H         LINE#         446
  C:0456H         LINE#         449
  C:0457H         LINE#         450
  C:045AH         LINE#         458
  C:045BH         LINE#         462
  C:045DH         LINE#         463
  C:045EH         LINE#         464
  C:045FH         LINE#         465
  C:0461H         LINE#         468
  C:0463H         LINE#         470
  C:0465H         LINE#         471
  C:0467H         LINE#         472
  C:0468H         LINE#         473
  C:0469H         LINE#         474
  C:046AH         LINE#         476
  C:046CH         LINE#         478
  C:046DH         LINE#         479
  C:046EH         LINE#         480
  C:0470H         LINE#         481
BL51 BANKED LINKER/LOCATER V6.22                                                      12/20/2021  22:35:45  PAGE 21


  C:0473H         LINE#         482
  C:0475H         LINE#         484
  C:0476H         LINE#         485
  C:0477H         LINE#         490
  C:0478H         LINE#         491
  C:0479H         LINE#         492
  C:047BH         LINE#         496
  C:047CH         LINE#         497
  C:047DH         LINE#         498
  C:047FH         LINE#         499
  C:0481H         LINE#         505
  C:0483H         LINE#         506
  C:0484H         LINE#         507
  C:0485H         LINE#         508
  C:0487H         LINE#         510
  C:0489H         LINE#         511
  C:048BH         LINE#         512
  C:048CH         LINE#         513
  C:048DH         LINE#         516
  C:048FH         LINE#         517
  C:0492H         LINE#         518
  C:0494H         LINE#         520
  C:0495H         LINE#         522
  C:0496H         LINE#         523
  C:0497H         LINE#         524
  C:0498H         LINE#         525
  C:0499H         LINE#         529
  C:049BH         LINE#         530
  C:049CH         LINE#         531
  C:049EH         LINE#         535
  C:04A0H         LINE#         536
  C:04A1H         LINE#         537
  C:04A2H         LINE#         539
  C:04A4H         LINE#         543
  C:04A6H         LINE#         544
  C:04A8H         LINE#         545
  C:04A9H         LINE#         546
  C:04AAH         LINE#         548
  C:04ACH         LINE#         549
  C:04AEH         LINE#         555
  C:04B1H         LINE#         559
  C:04B3H         LINE#         560
  C:04B4H         LINE#         561
  C:04B6H         LINE#         562
  C:04B7H         LINE#         563
  C:04B9H         LINE#         564
  C:04BBH         LINE#         565
  C:04BCH         LINE#         567
  C:04BFH         LINE#         571
  C:04C2H         LINE#         572
  C:04C5H         LINE#         576
  C:04C7H         LINE#         577
  C:04CAH         LINE#         578
  C:04CDH         LINE#         580
  C:04CFH         LINE#         581
  C:04D1H         LINE#         583
  C:04D3H         LINE#         584
BL51 BANKED LINKER/LOCATER V6.22                                                      12/20/2021  22:35:45  PAGE 22


  C:04D4H         LINE#         585
  C:04D6H         LINE#         587
  C:04D8H         LINE#         588
  C:04DAH         LINE#         594
  C:04DCH         LINE#         595
  C:04DDH         LINE#         608
  C:04DEH         LINE#         609
  C:04E0H         LINE#         614
  C:04E2H         LINE#         615
  C:04E4H         LINE#         616
  C:04E6H         LINE#         617
  C:04E8H         LINE#         618
  C:04EAH         LINE#         619
  C:04ECH         LINE#         620
  C:04EEH         LINE#         621
  C:04F0H         LINE#         622
  C:04F2H         LINE#         623
  C:04F4H         LINE#         624
  C:04F6H         LINE#         625
  C:04F8H         LINE#         626
  C:04FAH         LINE#         627
  C:04FCH         LINE#         628
  C:04FDH         LINE#         642
  C:04FFH         LINE#         643
  C:0501H         LINE#         644
  C:0503H         LINE#         645
  C:0505H         LINE#         646
  C:0506H         LINE#         647
  C:0507H         LINE#         648
  C:0509H         LINE#         649
  C:050BH         LINE#         650
  C:050DH         LINE#         651
  C:050EH         LINE#         652
  C:0510H         LINE#         653
  C:0511H         LINE#         654
  C:0512H         LINE#         655
  C:0513H         LINE#         656
  C:0514H         LINE#         657
  C:0516H         LINE#         658
  C:0518H         LINE#         659
  C:051AH         LINE#         660
  C:051DH         LINE#         661
  C:051FH         LINE#         662
  C:0520H         LINE#         663
  C:0522H         LINE#         664
  C:0523H         LINE#         665
  C:0524H         LINE#         666
  C:0526H         LINE#         668
  C:0529H         LINE#         670
  C:052CH         LINE#         671
  C:052FH         LINE#         672
  C:0532H         LINE#         673
  C:0534H         LINE#         674
  C:0536H         LINE#         675
  C:0538H         LINE#         676
  -------         ENDMOD        ?RTX51_TINY_KERNAL

BL51 BANKED LINKER/LOCATER V6.22                                                      12/20/2021  22:35:45  PAGE 23


  -------         MODULE        ?C?FPMUL
  C:000EH         PUBLIC        ?C?FPMUL
  -------         ENDMOD        ?C?FPMUL

  -------         MODULE        ?C?FCAST
  C:011EH         PUBLIC        ?C?FCASTC
  C:0119H         PUBLIC        ?C?FCASTI
  C:0114H         PUBLIC        ?C?FCASTL
  -------         ENDMOD        ?C?FCAST

  -------         MODULE        ?C?CASTF
  C:0152H         PUBLIC        ?C?CASTF
  -------         ENDMOD        ?C?CASTF

  -------         MODULE        ?C?SCDIV
  C:01D3H         PUBLIC        ?C?SCDIV
  -------         ENDMOD        ?C?SCDIV

  -------         MODULE        ?C?CLDPTR
  C:01F5H         PUBLIC        ?C?CLDPTR
  -------         ENDMOD        ?C?CLDPTR

  -------         MODULE        ?C?IMUL
  C:020EH         PUBLIC        ?C?IMUL
  -------         ENDMOD        ?C?IMUL

  -------         MODULE        ?C?SIDIV
  C:0220H         PUBLIC        ?C?SIDIV
  -------         ENDMOD        ?C?SIDIV

  -------         MODULE        ?C?LNEG
  C:0256H         PUBLIC        ?C?LNEG
  -------         ENDMOD        ?C?LNEG

  -------         MODULE        ?C?UIDIV
  C:0264H         PUBLIC        ?C?UIDIV
  -------         ENDMOD        ?C?UIDIV

Program Size: data=43.1 xdata=0 code=3158
LINK/LOCATE RUN COMPLETE.  0 WARNING(S),  0 ERROR(S)
